// Jest Snapshot v1, https://goo.gl/fbAQLP

exports[`Finished Products Should render just finished product component 1`] = `
<ContextConsumer>
  <Component />
</ContextConsumer>
`;
