// Jest Snapshot v1, https://goo.gl/fbAQLP

exports[`Product Products Should render just product component 1`] = `
<ContextConsumer>
  <Component />
</ContextConsumer>
`;
